|10| |5| |3|
carrello: posizione 3, carico 15 (max 15)
|15| | | |3|
|18| | | | |
carrello: posizione 1, carico 0 (max 15)
n viaggi: 2
peso max: 10
oggetti trovati:
1 ogg. di peso 3
1 ogg. di peso 5
1 ogg. di peso 10
